// Jest Snapshot v1, https://goo.gl/fbAQLP

exports[`outputted Android matches snapshot 1`] = `
"<?xml version=\\"1.0\\" encoding=\\"utf-8\\"?>
<resources>
    <color name=\\"tp_blue_100\\">#eaf6fa</color>
    <color name=\\"tp_blue_200\\">#b3ebff</color>
    <color name=\\"tp_blue_300\\">#79d2f2</color>
    <color name=\\"tp_blue\\">#009fd9</color>
    <color name=\\"tp_blue_500\\">#007fad</color>
    <color name=\\"tp_blue_600\\">#005979</color>
    <color name=\\"tp_indigo_100\\">#e8f1fd</color>
    <color name=\\"tp_indigo_200\\">#cce1ff</color>
    <color name=\\"tp_indigo_300\\">#96c2ff</color>
    <color name=\\"tp_indigo\\">#5968e2</color>
    <color name=\\"tp_indigo_500\\">#4f54b3</color>
    <color name=\\"tp_indigo_600\\">#383c80</color>
    <color name=\\"tp_purple_100\\">#f5efff</color>
    <color name=\\"tp_purple_200\\">#dfccff</color>
    <color name=\\"tp_purple_300\\">#c9acfd</color>
    <color name=\\"tp_purple\\">#8d56eb</color>
    <color name=\\"tp_purple_500\\">#6637b6</color>
    <color name=\\"tp_purple_600\\">#492782</color>
    <color name=\\"tp_green_100\\">#e1fdf3</color>
    <color name=\\"tp_green_200\\">#c6f7da</color>
    <color name=\\"tp_green_300\\">#73e4a2</color>
    <color name=\\"tp_green\\">#2db783</color>
    <color name=\\"tp_green_500\\">#16855b</color>
    <color name=\\"tp_green_600\\">#054e33</color>
    <color name=\\"tp_yellow_100\\">#fdf7e7</color>
    <color name=\\"tp_yellow_200\\">#ffebb3</color>
    <color name=\\"tp_yellow_300\\">#ffdd80</color>
    <color name=\\"tp_yellow\\">#febe14</color>
    <color name=\\"tp_yellow_500\\">#a77005</color>
    <color name=\\"tp_yellow_600\\">#714601</color>
    <color name=\\"tp_red_100\\">#ffeff0</color>
    <color name=\\"tp_red_200\\">#ffd9d9</color>
    <color name=\\"tp_red_300\\">#ffb0b0</color>
    <color name=\\"tp_red\\">#ff5a5f</color>
    <color name=\\"tp_red_500\\">#b22d31</color>
    <color name=\\"tp_red_600\\">#7d0d10</color>
    <color name=\\"tp_black_300\\">#676d73</color>
    <color name=\\"tp_black\\">#2f3033</color>
    <color name=\\"tp_gray_200\\">#fafafa</color>
    <color name=\\"tp_gray_300\\">#e9eced</color>
    <color name=\\"tp_gray\\">#d3d4d5</color>
    <color name=\\"tp_white\\">#ffffff</color>
    <dimen name=\\"tp_corner_radius_base\\">4dp</dimen>
    <dimen name=\\"tp_corner_radius_big\\">6dp</dimen>
    <integer name=\\"tp_duration_1\\">75</integer>
    <integer name=\\"tp_duration_2\\">150</integer>
    <integer name=\\"tp_duration_3\\">200</integer>
    <integer name=\\"tp_duration_4\\">250</integer>
    <integer name=\\"tp_duration_5\\">300</integer>
    <integer name=\\"tp_duration_6\\">350</integer>
    <integer name=\\"tp_font_weight_normal\\">400</integer>
    <integer name=\\"tp_font_weight_bold\\">700</integer>
    <dimen name=\\"tp_title_1_size\\">28sp</dimen>
    <dimen name=\\"tp_title_1_line_height\\">32sp</dimen>
    <integer name=\\"tp_title_1_weight\\">700</integer>
    <dimen name=\\"tp_title_2_size\\">24sp</dimen>
    <dimen name=\\"tp_title_2_line_height\\">28sp</dimen>
    <integer name=\\"tp_title_2_weight\\">700</integer>
    <dimen name=\\"tp_title_3_size\\">22sp</dimen>
    <dimen name=\\"tp_title_3_line_height\\">28sp</dimen>
    <integer name=\\"tp_title_3_weight\\">700</integer>
    <dimen name=\\"tp_title_4_size\\">20sp</dimen>
    <dimen name=\\"tp_title_4_line_height\\">28sp</dimen>
    <integer name=\\"tp_title_4_weight\\">700</integer>
    <dimen name=\\"tp_title_5_size\\">18sp</dimen>
    <dimen name=\\"tp_title_5_line_height\\">24sp</dimen>
    <integer name=\\"tp_title_5_weight\\">700</integer>
    <dimen name=\\"tp_title_6_size\\">16sp</dimen>
    <dimen name=\\"tp_title_6_line_height\\">24sp</dimen>
    <integer name=\\"tp_title_6_weight\\">700</integer>
    <dimen name=\\"tp_title_7_size\\">14sp</dimen>
    <dimen name=\\"tp_title_7_line_height\\">20sp</dimen>
    <integer name=\\"tp_title_7_weight\\">700</integer>
    <dimen name=\\"tp_title_8_size\\">12sp</dimen>
    <dimen name=\\"tp_title_8_line_height\\">18sp</dimen>
    <integer name=\\"tp_title_8_weight\\">700</integer>
    <dimen name=\\"tp_body_1_size\\">16sp</dimen>
    <dimen name=\\"tp_body_1_line_height\\">24sp</dimen>
    <integer name=\\"tp_body_1_weight\\">400</integer>
    <dimen name=\\"tp_body_2_size\\">14sp</dimen>
    <dimen name=\\"tp_body_2_line_height\\">20sp</dimen>
    <integer name=\\"tp_body_2_weight\\">400</integer>
    <dimen name=\\"tp_body_3_size\\">12sp</dimen>
    <dimen name=\\"tp_body_3_line_height\\">18sp</dimen>
    <integer name=\\"tp_body_3_weight\\">400</integer>
    <item name=\\"tp_letter_spacing_loose\\">1sp</item>
    <item name=\\"tp_letter_spacing_tight\\">-1sp</item>
    <item name=\\"tp_letter_spacing_extra_tight\\">-2sp</item>
    <color name=\\"tp_scrim_light_80\\">#ccffffff</color>
    <color name=\\"tp_scrim_dark_80\\">#cc000000</color>
    <dimen name=\\"tp_space_1\\">4dp</dimen>
    <dimen name=\\"tp_space_2\\">8dp</dimen>
    <dimen name=\\"tp_space_3\\">16dp</dimen>
    <dimen name=\\"tp_space_4\\">24dp</dimen>
    <dimen name=\\"tp_space_5\\">32dp</dimen>
    <dimen name=\\"tp_space_6\\">48dp</dimen>
</resources>
"
`;

exports[`outputted CommonJS matches snapshot 1`] = `
"\\"use strict\\";
Object.defineProperty(exports, \\"__esModule\\", { value: true });
exports.tpColorRed600 = exports.tpColorRed500 = exports.tpColorRed = exports.tpColorRed300 = exports.tpColorRed200 = exports.tpColorRed100 = exports.tpColorYellow600 = exports.tpColorYellow500 = exports.tpColorYellow = exports.tpColorYellow300 = exports.tpColorYellow200 = exports.tpColorYellow100 = exports.tpColorGreen600 = exports.tpColorGreen500 = exports.tpColorGreen = exports.tpColorGreen300 = exports.tpColorGreen200 = exports.tpColorGreen100 = exports.tpColorPurple600 = exports.tpColorPurple500 = exports.tpColorPurple = exports.tpColorPurple300 = exports.tpColorPurple200 = exports.tpColorPurple100 = exports.tpColorIndigo600 = exports.tpColorIndigo500 = exports.tpColorIndigo = exports.tpColorIndigo300 = exports.tpColorIndigo200 = exports.tpColorIndigo100 = exports.tpColorBlue600 = exports.tpColorBlue500 = exports.tpColorBlue = exports.tpColorBlue300 = exports.tpColorBlue200 = exports.tpColorBlue100 = exports.tpBreakpointSplitViewSmallValue = exports.tpBreakpointSplitViewSmall = exports.tpBreakpointSplitViewMediumValue = exports.tpBreakpointSplitViewMedium = exports.tpBreakpointSmallValue = exports.tpBreakpointSmall = exports.tpBreakpointMediumValue = exports.tpBreakpointMedium = exports.tpBreakpointLargeValue = exports.tpBreakpointLarge = exports.tpBorderRadiusSides = exports.tpBorderRadiusFull = exports.tpBorderRadiusBig = exports.tpBorderRadiusBase = void 0;
exports.tpFontTitle6Weight = exports.tpFontTitle6LineHeight = exports.tpFontTitle6Size = exports.tpFontTitle5Weight = exports.tpFontTitle5LineHeight = exports.tpFontTitle5Size = exports.tpFontTitle4Weight = exports.tpFontTitle4LineHeight = exports.tpFontTitle4Size = exports.tpFontTitle3ResponsiveWeight = exports.tpFontTitle3ResponsiveLineHeight = exports.tpFontTitle3ResponsiveSize = exports.tpFontTitle3Weight = exports.tpFontTitle3LineHeight = exports.tpFontTitle3Size = exports.tpFontTitle2ResponsiveWeight = exports.tpFontTitle2ResponsiveLineHeight = exports.tpFontTitle2ResponsiveSize = exports.tpFontTitle2Weight = exports.tpFontTitle2LineHeight = exports.tpFontTitle2Size = exports.tpFontTitle1ResponsiveWeight = exports.tpFontTitle1ResponsiveLineHeight = exports.tpFontTitle1ResponsiveSize = exports.tpFontTitle1Weight = exports.tpFontTitle1LineHeight = exports.tpFontTitle1Size = exports.tpFontWeightBold = exports.tpFontWeightNormal = exports.tpFontFamilyMonospace = exports.tpFontFamilyBase = exports.tpEaseInOut = exports.tpEaseOut = exports.tpEaseIn = exports.tpDuration6 = exports.tpDuration5 = exports.tpDuration4 = exports.tpDuration3 = exports.tpDuration2 = exports.tpDuration1 = exports.tpCornerRadiusSides = exports.tpCornerRadiusFull = exports.tpCornerRadiusBig = exports.tpCornerRadiusBase = exports.tpColorWhite = exports.tpColorGray = exports.tpColorGray300 = exports.tpColorGray200 = exports.tpColorBlack = exports.tpColorBlack300 = void 0;
exports.tpZIndexModal = exports.tpWrapNoPadWidth = exports.tpWrapMaxWidth = exports.tpSpace8 = exports.tpSpace7 = exports.tpSpace6 = exports.tpSpace5 = exports.tpSpace4 = exports.tpSpace3 = exports.tpSpace2 = exports.tpSpace1 = exports.tpScrimDark80 = exports.tpScrimLight80 = exports.tpShadowCard = exports.tpShadow400 = exports.tpShadow300 = exports.tpShadow200 = exports.tpShadow100 = exports.tpLineHeightLoose = exports.tpLineHeightTight = exports.tpLineHeightBase = exports.tpLetterSpacingExtraTight = exports.tpLetterSpacingTight = exports.tpLetterSpacingLoose = exports.tpFontBody3LineHeight = exports.tpFontBody3Size = exports.tpFontBody2LineHeight = exports.tpFontBody2Size = exports.tpFontBody1LineHeight = exports.tpFontBody1Size = exports.tpFontTitle8Weight = exports.tpFontTitle8LineHeight = exports.tpFontTitle8Size = exports.tpFontTitle7Weight = exports.tpFontTitle7LineHeight = exports.tpFontTitle7Size = void 0;
// @deprecated
exports.tpBorderRadiusBase = \\"4px\\";
// @deprecated
exports.tpBorderRadiusBig = \\"6px\\";
// @deprecated
exports.tpBorderRadiusFull = \\"50%\\";
// @deprecated
exports.tpBorderRadiusSides = \\"9999px\\";
exports.tpBreakpointLarge = \\"1025px\\";
exports.tpBreakpointLargeValue = 1025;
exports.tpBreakpointMedium = \\"700px\\";
exports.tpBreakpointMediumValue = 700;
exports.tpBreakpointSmall = \\"481px\\";
exports.tpBreakpointSmallValue = 481;
exports.tpBreakpointSplitViewMedium = \\"1060px\\";
exports.tpBreakpointSplitViewMediumValue = 1060;
exports.tpBreakpointSplitViewSmall = \\"769px\\";
exports.tpBreakpointSplitViewSmallValue = 769;
exports.tpColorBlue100 = \\"#eaf6fa\\";
exports.tpColorBlue200 = \\"#b3ebff\\";
exports.tpColorBlue300 = \\"#79d2f2\\";
exports.tpColorBlue = \\"#009fd9\\";
exports.tpColorBlue500 = \\"#007fad\\";
exports.tpColorBlue600 = \\"#005979\\";
exports.tpColorIndigo100 = \\"#e8f1fd\\";
exports.tpColorIndigo200 = \\"#cce1ff\\";
exports.tpColorIndigo300 = \\"#96c2ff\\";
exports.tpColorIndigo = \\"#5968e2\\";
exports.tpColorIndigo500 = \\"#4f54b3\\";
exports.tpColorIndigo600 = \\"#383c80\\";
exports.tpColorPurple100 = \\"#f5efff\\";
exports.tpColorPurple200 = \\"#dfccff\\";
exports.tpColorPurple300 = \\"#c9acfd\\";
exports.tpColorPurple = \\"#8d56eb\\";
exports.tpColorPurple500 = \\"#6637b6\\";
exports.tpColorPurple600 = \\"#492782\\";
exports.tpColorGreen100 = \\"#e1fdf3\\";
exports.tpColorGreen200 = \\"#c6f7da\\";
exports.tpColorGreen300 = \\"#73e4a2\\";
exports.tpColorGreen = \\"#2db783\\";
exports.tpColorGreen500 = \\"#16855b\\";
exports.tpColorGreen600 = \\"#054e33\\";
exports.tpColorYellow100 = \\"#fdf7e7\\";
exports.tpColorYellow200 = \\"#ffebb3\\";
exports.tpColorYellow300 = \\"#ffdd80\\";
exports.tpColorYellow = \\"#febe14\\";
exports.tpColorYellow500 = \\"#a77005\\";
exports.tpColorYellow600 = \\"#714601\\";
exports.tpColorRed100 = \\"#ffeff0\\";
exports.tpColorRed200 = \\"#ffd9d9\\";
exports.tpColorRed300 = \\"#ffb0b0\\";
exports.tpColorRed = \\"#ff5a5f\\";
exports.tpColorRed500 = \\"#b22d31\\";
exports.tpColorRed600 = \\"#7d0d10\\";
exports.tpColorBlack300 = \\"#676d73\\";
exports.tpColorBlack = \\"#2f3033\\";
exports.tpColorGray200 = \\"#fafafa\\";
exports.tpColorGray300 = \\"#e9eced\\";
exports.tpColorGray = \\"#d3d4d5\\";
exports.tpColorWhite = \\"#ffffff\\";
exports.tpCornerRadiusBase = \\"4px\\";
exports.tpCornerRadiusBig = \\"6px\\";
exports.tpCornerRadiusFull = \\"50%\\";
exports.tpCornerRadiusSides = \\"9999px\\";
exports.tpDuration1 = 75;
exports.tpDuration2 = 150;
exports.tpDuration3 = 200;
exports.tpDuration4 = 250;
exports.tpDuration5 = 300;
exports.tpDuration6 = 350;
exports.tpEaseIn = \\"cubic-bezier(0.50, 0, 1, 1)\\";
exports.tpEaseOut = \\"cubic-bezier(0, 0, 0.40, 1)\\";
exports.tpEaseInOut = \\"cubic-bezier(0.45, 0, 0.40, 1)\\";
exports.tpFontFamilyBase = \\"Mark, Avenir, Helvetica, Arial, sans-serif\\";
exports.tpFontFamilyMonospace = \\"'Source Code Pro', monospace\\";
exports.tpFontWeightNormal = \\"400\\";
exports.tpFontWeightBold = \\"700\\";
exports.tpFontTitle1Size = \\"28px\\";
exports.tpFontTitle1LineHeight = \\"32px\\";
exports.tpFontTitle1Weight = \\"700\\";
exports.tpFontTitle1ResponsiveSize = \\"40px\\";
exports.tpFontTitle1ResponsiveLineHeight = \\"44px\\";
exports.tpFontTitle1ResponsiveWeight = \\"700\\";
exports.tpFontTitle2Size = \\"24px\\";
exports.tpFontTitle2LineHeight = \\"28px\\";
exports.tpFontTitle2Weight = \\"700\\";
exports.tpFontTitle2ResponsiveSize = \\"32px\\";
exports.tpFontTitle2ResponsiveLineHeight = \\"40px\\";
exports.tpFontTitle2ResponsiveWeight = \\"700\\";
exports.tpFontTitle3Size = \\"22px\\";
exports.tpFontTitle3LineHeight = \\"28px\\";
exports.tpFontTitle3Weight = \\"700\\";
exports.tpFontTitle3ResponsiveSize = \\"24px\\";
exports.tpFontTitle3ResponsiveLineHeight = \\"32px\\";
exports.tpFontTitle3ResponsiveWeight = \\"700\\";
exports.tpFontTitle4Size = \\"20px\\";
exports.tpFontTitle4LineHeight = \\"28px\\";
exports.tpFontTitle4Weight = \\"700\\";
exports.tpFontTitle5Size = \\"18px\\";
exports.tpFontTitle5LineHeight = \\"24px\\";
exports.tpFontTitle5Weight = \\"700\\";
exports.tpFontTitle6Size = \\"16px\\";
exports.tpFontTitle6LineHeight = \\"24px\\";
exports.tpFontTitle6Weight = \\"700\\";
exports.tpFontTitle7Size = \\"14px\\";
exports.tpFontTitle7LineHeight = \\"20px\\";
exports.tpFontTitle7Weight = \\"700\\";
exports.tpFontTitle8Size = \\"12px\\";
exports.tpFontTitle8LineHeight = \\"18px\\";
exports.tpFontTitle8Weight = \\"700\\";
exports.tpFontBody1Size = \\"16px\\";
exports.tpFontBody1LineHeight = \\"24px\\";
exports.tpFontBody2Size = \\"14px\\";
exports.tpFontBody2LineHeight = \\"20px\\";
exports.tpFontBody3Size = \\"12px\\";
exports.tpFontBody3LineHeight = \\"18px\\";
exports.tpLetterSpacingLoose = \\"1px\\";
exports.tpLetterSpacingTight = \\"-1px\\";
exports.tpLetterSpacingExtraTight = \\"-2px\\";
exports.tpLineHeightBase = \\"1.6\\";
exports.tpLineHeightTight = \\"1.4\\";
exports.tpLineHeightLoose = \\"1.9\\";
exports.tpShadow100 = \\"0px 1px 3px rgba(0, 0, 0, 0.1)\\";
exports.tpShadow200 = \\"0px 2px 4px rgba(0, 0, 0, 0.15)\\";
exports.tpShadow300 = \\"0px 2px 7px rgba(0, 0, 0, 0.15)\\";
exports.tpShadow400 = \\"0px 2px 10px rgba(0, 0, 0, 0.2)\\";
// @deprecated
exports.tpShadowCard = \\"0 -1px 1px 0 rgba(0, 0, 0, 0.04), 0 1px 2px 0 rgba(0, 0, 0, 0.16)\\";
exports.tpScrimLight80 = \\"rgba(255, 255, 255, 0.8)\\";
exports.tpScrimDark80 = \\"rgba(0, 0, 0, 0.8)\\";
exports.tpSpace1 = \\"4px\\";
exports.tpSpace2 = \\"8px\\";
exports.tpSpace3 = \\"16px\\";
exports.tpSpace4 = \\"24px\\";
exports.tpSpace5 = \\"32px\\";
exports.tpSpace6 = \\"64px\\";
exports.tpSpace7 = \\"128px\\";
exports.tpSpace8 = \\"256px\\";
exports.tpWrapMaxWidth = \\"946px\\";
exports.tpWrapNoPadWidth = \\"1010px\\";
exports.tpZIndexModal = 200;
"
`;

exports[`outputted ES module matches snapshot 1`] = `
"// @deprecated
export var tpBorderRadiusBase = \\"4px\\";
// @deprecated
export var tpBorderRadiusBig = \\"6px\\";
// @deprecated
export var tpBorderRadiusFull = \\"50%\\";
// @deprecated
export var tpBorderRadiusSides = \\"9999px\\";
export var tpBreakpointLarge = \\"1025px\\";
export var tpBreakpointLargeValue = 1025;
export var tpBreakpointMedium = \\"700px\\";
export var tpBreakpointMediumValue = 700;
export var tpBreakpointSmall = \\"481px\\";
export var tpBreakpointSmallValue = 481;
export var tpBreakpointSplitViewMedium = \\"1060px\\";
export var tpBreakpointSplitViewMediumValue = 1060;
export var tpBreakpointSplitViewSmall = \\"769px\\";
export var tpBreakpointSplitViewSmallValue = 769;
export var tpColorBlue100 = \\"#eaf6fa\\";
export var tpColorBlue200 = \\"#b3ebff\\";
export var tpColorBlue300 = \\"#79d2f2\\";
export var tpColorBlue = \\"#009fd9\\";
export var tpColorBlue500 = \\"#007fad\\";
export var tpColorBlue600 = \\"#005979\\";
export var tpColorIndigo100 = \\"#e8f1fd\\";
export var tpColorIndigo200 = \\"#cce1ff\\";
export var tpColorIndigo300 = \\"#96c2ff\\";
export var tpColorIndigo = \\"#5968e2\\";
export var tpColorIndigo500 = \\"#4f54b3\\";
export var tpColorIndigo600 = \\"#383c80\\";
export var tpColorPurple100 = \\"#f5efff\\";
export var tpColorPurple200 = \\"#dfccff\\";
export var tpColorPurple300 = \\"#c9acfd\\";
export var tpColorPurple = \\"#8d56eb\\";
export var tpColorPurple500 = \\"#6637b6\\";
export var tpColorPurple600 = \\"#492782\\";
export var tpColorGreen100 = \\"#e1fdf3\\";
export var tpColorGreen200 = \\"#c6f7da\\";
export var tpColorGreen300 = \\"#73e4a2\\";
export var tpColorGreen = \\"#2db783\\";
export var tpColorGreen500 = \\"#16855b\\";
export var tpColorGreen600 = \\"#054e33\\";
export var tpColorYellow100 = \\"#fdf7e7\\";
export var tpColorYellow200 = \\"#ffebb3\\";
export var tpColorYellow300 = \\"#ffdd80\\";
export var tpColorYellow = \\"#febe14\\";
export var tpColorYellow500 = \\"#a77005\\";
export var tpColorYellow600 = \\"#714601\\";
export var tpColorRed100 = \\"#ffeff0\\";
export var tpColorRed200 = \\"#ffd9d9\\";
export var tpColorRed300 = \\"#ffb0b0\\";
export var tpColorRed = \\"#ff5a5f\\";
export var tpColorRed500 = \\"#b22d31\\";
export var tpColorRed600 = \\"#7d0d10\\";
export var tpColorBlack300 = \\"#676d73\\";
export var tpColorBlack = \\"#2f3033\\";
export var tpColorGray200 = \\"#fafafa\\";
export var tpColorGray300 = \\"#e9eced\\";
export var tpColorGray = \\"#d3d4d5\\";
export var tpColorWhite = \\"#ffffff\\";
export var tpCornerRadiusBase = \\"4px\\";
export var tpCornerRadiusBig = \\"6px\\";
export var tpCornerRadiusFull = \\"50%\\";
export var tpCornerRadiusSides = \\"9999px\\";
export var tpDuration1 = 75;
export var tpDuration2 = 150;
export var tpDuration3 = 200;
export var tpDuration4 = 250;
export var tpDuration5 = 300;
export var tpDuration6 = 350;
export var tpEaseIn = \\"cubic-bezier(0.50, 0, 1, 1)\\";
export var tpEaseOut = \\"cubic-bezier(0, 0, 0.40, 1)\\";
export var tpEaseInOut = \\"cubic-bezier(0.45, 0, 0.40, 1)\\";
export var tpFontFamilyBase = \\"Mark, Avenir, Helvetica, Arial, sans-serif\\";
export var tpFontFamilyMonospace = \\"'Source Code Pro', monospace\\";
export var tpFontWeightNormal = \\"400\\";
export var tpFontWeightBold = \\"700\\";
export var tpFontTitle1Size = \\"28px\\";
export var tpFontTitle1LineHeight = \\"32px\\";
export var tpFontTitle1Weight = \\"700\\";
export var tpFontTitle1ResponsiveSize = \\"40px\\";
export var tpFontTitle1ResponsiveLineHeight = \\"44px\\";
export var tpFontTitle1ResponsiveWeight = \\"700\\";
export var tpFontTitle2Size = \\"24px\\";
export var tpFontTitle2LineHeight = \\"28px\\";
export var tpFontTitle2Weight = \\"700\\";
export var tpFontTitle2ResponsiveSize = \\"32px\\";
export var tpFontTitle2ResponsiveLineHeight = \\"40px\\";
export var tpFontTitle2ResponsiveWeight = \\"700\\";
export var tpFontTitle3Size = \\"22px\\";
export var tpFontTitle3LineHeight = \\"28px\\";
export var tpFontTitle3Weight = \\"700\\";
export var tpFontTitle3ResponsiveSize = \\"24px\\";
export var tpFontTitle3ResponsiveLineHeight = \\"32px\\";
export var tpFontTitle3ResponsiveWeight = \\"700\\";
export var tpFontTitle4Size = \\"20px\\";
export var tpFontTitle4LineHeight = \\"28px\\";
export var tpFontTitle4Weight = \\"700\\";
export var tpFontTitle5Size = \\"18px\\";
export var tpFontTitle5LineHeight = \\"24px\\";
export var tpFontTitle5Weight = \\"700\\";
export var tpFontTitle6Size = \\"16px\\";
export var tpFontTitle6LineHeight = \\"24px\\";
export var tpFontTitle6Weight = \\"700\\";
export var tpFontTitle7Size = \\"14px\\";
export var tpFontTitle7LineHeight = \\"20px\\";
export var tpFontTitle7Weight = \\"700\\";
export var tpFontTitle8Size = \\"12px\\";
export var tpFontTitle8LineHeight = \\"18px\\";
export var tpFontTitle8Weight = \\"700\\";
export var tpFontBody1Size = \\"16px\\";
export var tpFontBody1LineHeight = \\"24px\\";
export var tpFontBody2Size = \\"14px\\";
export var tpFontBody2LineHeight = \\"20px\\";
export var tpFontBody3Size = \\"12px\\";
export var tpFontBody3LineHeight = \\"18px\\";
export var tpLetterSpacingLoose = \\"1px\\";
export var tpLetterSpacingTight = \\"-1px\\";
export var tpLetterSpacingExtraTight = \\"-2px\\";
export var tpLineHeightBase = \\"1.6\\";
export var tpLineHeightTight = \\"1.4\\";
export var tpLineHeightLoose = \\"1.9\\";
export var tpShadow100 = \\"0px 1px 3px rgba(0, 0, 0, 0.1)\\";
export var tpShadow200 = \\"0px 2px 4px rgba(0, 0, 0, 0.15)\\";
export var tpShadow300 = \\"0px 2px 7px rgba(0, 0, 0, 0.15)\\";
export var tpShadow400 = \\"0px 2px 10px rgba(0, 0, 0, 0.2)\\";
// @deprecated
export var tpShadowCard = \\"0 -1px 1px 0 rgba(0, 0, 0, 0.04), 0 1px 2px 0 rgba(0, 0, 0, 0.16)\\";
export var tpScrimLight80 = \\"rgba(255, 255, 255, 0.8)\\";
export var tpScrimDark80 = \\"rgba(0, 0, 0, 0.8)\\";
export var tpSpace1 = \\"4px\\";
export var tpSpace2 = \\"8px\\";
export var tpSpace3 = \\"16px\\";
export var tpSpace4 = \\"24px\\";
export var tpSpace5 = \\"32px\\";
export var tpSpace6 = \\"64px\\";
export var tpSpace7 = \\"128px\\";
export var tpSpace8 = \\"256px\\";
export var tpWrapMaxWidth = \\"946px\\";
export var tpWrapNoPadWidth = \\"1010px\\";
export var tpZIndexModal = 200;
"
`;

exports[`outputted SCSS matches snapshot 1`] = `
"// @deprecated
$tp-border-radius__base: 4px;
// @deprecated
$tp-border-radius__big: 6px;
// @deprecated
$tp-border-radius__full: 50%;
// @deprecated
$tp-border-radius__sides: 9999px;
$tp-breakpoint__large: 1025px;
$tp-breakpoint__large__value: 1025;
$tp-breakpoint__medium: 700px;
$tp-breakpoint__medium__value: 700;
$tp-breakpoint__small: 481px;
$tp-breakpoint__small__value: 481;
$tp-breakpoint__split-view__medium: 1060px;
$tp-breakpoint__split-view__medium__value: 1060;
$tp-breakpoint__split-view__small: 769px;
$tp-breakpoint__split-view__small__value: 769;
$tp-color__blue-100: #eaf6fa;
$tp-color__blue-200: #b3ebff;
$tp-color__blue-300: #79d2f2;
$tp-color__blue: #009fd9;
$tp-color__blue-500: #007fad;
$tp-color__blue-600: #005979;
$tp-color__indigo-100: #e8f1fd;
$tp-color__indigo-200: #cce1ff;
$tp-color__indigo-300: #96c2ff;
$tp-color__indigo: #5968e2;
$tp-color__indigo-500: #4f54b3;
$tp-color__indigo-600: #383c80;
$tp-color__purple-100: #f5efff;
$tp-color__purple-200: #dfccff;
$tp-color__purple-300: #c9acfd;
$tp-color__purple: #8d56eb;
$tp-color__purple-500: #6637b6;
$tp-color__purple-600: #492782;
$tp-color__green-100: #e1fdf3;
$tp-color__green-200: #c6f7da;
$tp-color__green-300: #73e4a2;
$tp-color__green: #2db783;
$tp-color__green-500: #16855b;
$tp-color__green-600: #054e33;
$tp-color__yellow-100: #fdf7e7;
$tp-color__yellow-200: #ffebb3;
$tp-color__yellow-300: #ffdd80;
$tp-color__yellow: #febe14;
$tp-color__yellow-500: #a77005;
$tp-color__yellow-600: #714601;
$tp-color__red-100: #ffeff0;
$tp-color__red-200: #ffd9d9;
$tp-color__red-300: #ffb0b0;
$tp-color__red: #ff5a5f;
$tp-color__red-500: #b22d31;
$tp-color__red-600: #7d0d10;
$tp-color__black-300: #676d73;
$tp-color__black: #2f3033;
$tp-color__gray-200: #fafafa;
$tp-color__gray-300: #e9eced;
$tp-color__gray: #d3d4d5;
$tp-color__white: #ffffff;
$tp-corner-radius__base: 4px;
$tp-corner-radius__big: 6px;
$tp-corner-radius__full: 50%;
$tp-corner-radius__sides: 9999px;
$tp-duration__1: 75ms;
$tp-duration__2: 150ms;
$tp-duration__3: 200ms;
$tp-duration__4: 250ms;
$tp-duration__5: 300ms;
$tp-duration__6: 350ms;
$tp-ease__in: cubic-bezier(0.50, 0, 1, 1);
$tp-ease__out: cubic-bezier(0, 0, 0.40, 1);
$tp-ease__in-out: cubic-bezier(0.45, 0, 0.40, 1);
$tp-font-family__base: Mark, Avenir, Helvetica, Arial, sans-serif;
$tp-font-family__monospace: 'Source Code Pro', monospace;
$tp-font-weight__normal: 400;
$tp-font-weight__bold: 700;
$tp-font__title__1__size: 28px;
$tp-font__title__1__line-height: 32px;
$tp-font__title__1__weight: 700;
$tp-font__title__1__responsive__size: 40px;
$tp-font__title__1__responsive__line-height: 44px;
$tp-font__title__1__responsive__weight: 700;
$tp-font__title__2__size: 24px;
$tp-font__title__2__line-height: 28px;
$tp-font__title__2__weight: 700;
$tp-font__title__2__responsive__size: 32px;
$tp-font__title__2__responsive__line-height: 40px;
$tp-font__title__2__responsive__weight: 700;
$tp-font__title__3__size: 22px;
$tp-font__title__3__line-height: 28px;
$tp-font__title__3__weight: 700;
$tp-font__title__3__responsive__size: 24px;
$tp-font__title__3__responsive__line-height: 32px;
$tp-font__title__3__responsive__weight: 700;
$tp-font__title__4__size: 20px;
$tp-font__title__4__line-height: 28px;
$tp-font__title__4__weight: 700;
$tp-font__title__5__size: 18px;
$tp-font__title__5__line-height: 24px;
$tp-font__title__5__weight: 700;
$tp-font__title__6__size: 16px;
$tp-font__title__6__line-height: 24px;
$tp-font__title__6__weight: 700;
$tp-font__title__7__size: 14px;
$tp-font__title__7__line-height: 20px;
$tp-font__title__7__weight: 700;
$tp-font__title__8__size: 12px;
$tp-font__title__8__line-height: 18px;
$tp-font__title__8__weight: 700;
$tp-font__body__1__size: 16px;
$tp-font__body__1__line-height: 24px;
$tp-font__body__2__size: 14px;
$tp-font__body__2__line-height: 20px;
$tp-font__body__3__size: 12px;
$tp-font__body__3__line-height: 18px;
$tp-letter-spacing__loose: 1px;
$tp-letter-spacing__tight: -1px;
$tp-letter-spacing__extra-tight: -2px;
$tp-line-height__base: 1.6;
$tp-line-height__tight: 1.4;
$tp-line-height__loose: 1.9;
$tp-shadow__100: 0px 1px 3px rgba(0, 0, 0, 0.1);
$tp-shadow__200: 0px 2px 4px rgba(0, 0, 0, 0.15);
$tp-shadow__300: 0px 2px 7px rgba(0, 0, 0, 0.15);
$tp-shadow__400: 0px 2px 10px rgba(0, 0, 0, 0.2);
// @deprecated
$tp-shadow__card: 0 -1px 1px 0 rgba(0, 0, 0, 0.04), 0 1px 2px 0 rgba(0, 0, 0, 0.16);
$tp-scrim__light-80: rgba(255, 255, 255, 0.8);
$tp-scrim__dark-80: rgba(0, 0, 0, 0.8);
$tp-space__1: 4px;
$tp-space__2: 8px;
$tp-space__3: 16px;
$tp-space__4: 24px;
$tp-space__5: 32px;
$tp-space__6: 64px;
$tp-space__7: 128px;
$tp-space__8: 256px;
$tp-wrap__max-width: 946px;
$tp-wrap__no-pad-width: 1010px;
$tp-z-index__modal: 200;
"
`;

exports[`outputted iOS matches snapshot 1`] = `
"import UIKit.UIColor

/// These are the colors we use at Thumbtack.
public enum Color {
    /// Blue 100 – #eaf6fa
    public static let blue100: UIColor = UIColor(red: 0.91764706, green: 0.9647059, blue: 0.98039216, alpha: 1.0)
    /// Blue 200 – #b3ebff
    public static let blue200: UIColor = UIColor(red: 0.7019608, green: 0.92156863, blue: 1.0, alpha: 1.0)
    /// Blue 300 – #79d2f2
    public static let blue300: UIColor = UIColor(red: 0.4745098, green: 0.8235294, blue: 0.9490196, alpha: 1.0)
    /// Blue – #009fd9
    public static let blue: UIColor = UIColor(red: 0.0, green: 0.62352943, blue: 0.8509804, alpha: 1.0)
    /// Blue 500 – #007fad
    public static let blue500: UIColor = UIColor(red: 0.0, green: 0.49803922, blue: 0.6784314, alpha: 1.0)
    /// Blue 600 – #005979
    public static let blue600: UIColor = UIColor(red: 0.0, green: 0.349, blue: 0.475, alpha: 1.0)
    /// Indigo 100 – #e8f1fd
    public static let indigo100: UIColor = UIColor(red: 0.9098039, green: 0.94509804, blue: 0.99215686, alpha: 1.0)
    /// Indigo 200 – #cce1ff
    public static let indigo200: UIColor = UIColor(red: 0.8, green: 0.88235295, blue: 1.0, alpha: 1.0)
    /// Indigo 300 – #96c2ff
    public static let indigo300: UIColor = UIColor(red: 0.5882353, green: 0.7607843, blue: 1.0, alpha: 1.0)
    /// Indigo – #5968e2
    public static let indigo: UIColor = UIColor(red: 0.34901962, green: 0.40784314, blue: 0.8862745, alpha: 1.0)
    /// Indigo 500 – #4f54b3
    public static let indigo500: UIColor = UIColor(red: 0.30980393, green: 0.32941177, blue: 0.7019608, alpha: 1.0)
    /// Indigo 600 – #383c80
    public static let indigo600: UIColor = UIColor(red: 0.21960784, green: 0.23529412, blue: 0.5019608, alpha: 1.0)
    /// Purple 100 – #f5efff
    public static let purple100: UIColor = UIColor(red: 0.9607843, green: 0.9372549, blue: 1.0, alpha: 1.0)
    /// Purple 200 – #dfccff
    public static let purple200: UIColor = UIColor(red: 0.8745098, green: 0.8, blue: 1.0, alpha: 1.0)
    /// Purple 300 – #c9acfd
    public static let purple300: UIColor = UIColor(red: 0.788, green: 0.675, blue: 0.992, alpha: 1.0)
    /// Purple – #8d56eb
    public static let purple: UIColor = UIColor(red: 0.553, green: 0.337, blue: 0.922, alpha: 1.0)
    /// Purple 500 – #6637b6
    public static let purple500: UIColor = UIColor(red: 0.4, green: 0.216, blue: 0.714, alpha: 1.0)
    /// Purple 600 – #492782
    public static let purple600: UIColor = UIColor(red: 0.285, green: 0.153, blue: 0.508, alpha: 1.0)
    /// Green 100 – #e1fdf3
    public static let green100: UIColor = UIColor(red: 0.88235295, green: 0.99215686, blue: 0.9529412, alpha: 1.0)
    /// Green 200 – #c6f7da
    public static let green200: UIColor = UIColor(red: 0.7764706, green: 0.96862745, blue: 0.85490197, alpha: 1.0)
    /// Green 300 – #73e4a2
    public static let green300: UIColor = UIColor(red: 0.4509804, green: 0.89411765, blue: 0.63529414, alpha: 1.0)
    /// Green – #2db783
    public static let green: UIColor = UIColor(red: 0.1764706, green: 0.7176471, blue: 0.5137255, alpha: 1.0)
    /// Green 500 – #16855b
    public static let green500: UIColor = UIColor(red: 0.086, green: 0.522, blue: 0.357, alpha: 1.0)
    /// Green 600 – #054e33
    public static let green600: UIColor = UIColor(red: 0.02, green: 0.306, blue: 0.2, alpha: 1.0)
    /// Yellow 100 – #fdf7e7
    public static let yellow100: UIColor = UIColor(red: 0.99215686, green: 0.96862745, blue: 0.90588236, alpha: 1.0)
    /// Yellow 200 – #ffebb3
    public static let yellow200: UIColor = UIColor(red: 1.0, green: 0.92156863, blue: 0.7019608, alpha: 1.0)
    /// Yellow 300 – #ffdd80
    public static let yellow300: UIColor = UIColor(red: 1.0, green: 0.8666667, blue: 0.5019608, alpha: 1.0)
    /// Yellow – #febe14
    public static let yellow: UIColor = UIColor(red: 0.99607843, green: 0.74509805, blue: 0.078431375, alpha: 1.0)
    /// Yellow 500 – #a77005
    public static let yellow500: UIColor = UIColor(red: 0.654, green: 0.438, blue: 0.019, alpha: 1.0)
    /// Yellow 600 – #714601
    public static let yellow600: UIColor = UIColor(red: 0.442, green: 0.273, blue: 0.004, alpha: 1.0)
    /// Red 100 – #ffeff0
    public static let red100: UIColor = UIColor(red: 1.0, green: 0.9372549, blue: 0.9411765, alpha: 1.0)
    /// Red 200 – #ffd9d9
    public static let red200: UIColor = UIColor(red: 1.0, green: 0.8509804, blue: 0.8509804, alpha: 1.0)
    /// Red 300 – #ffb0b0
    public static let red300: UIColor = UIColor(red: 1.0, green: 0.6901961, blue: 0.6901961, alpha: 1.0)
    /// Red – #ff5a5f
    public static let red: UIColor = UIColor(red: 1.0, green: 0.3529412, blue: 0.37254903, alpha: 1.0)
    /// Red 500 – #b22d31
    public static let red500: UIColor = UIColor(red: 0.808, green: 0.209, blue: 0.266, alpha: 1.0)
    /// Red 600 – #7d0d10
    public static let red600: UIColor = UIColor(red: 0.492, green: 0.051, blue: 0.065, alpha: 1.0)
    /// Black 300 – #676d73
    public static let black300: UIColor = UIColor(red: 0.40392157, green: 0.42745098, blue: 0.4509804, alpha: 1.0)
    /// Black – #2f3033
    public static let black: UIColor = UIColor(red: 0.18431373, green: 0.1882353, blue: 0.2, alpha: 1.0)
    /// Gray 200 – #fafafa
    public static let gray200: UIColor = UIColor(red: 0.98039216, green: 0.98039216, blue: 0.98039216, alpha: 1.0)
    /// Gray 300 – #e9eced
    public static let gray300: UIColor = UIColor(red: 0.9137255, green: 0.9254902, blue: 0.92941177, alpha: 1.0)
    /// Gray – #d3d4d5
    public static let gray: UIColor = UIColor(red: 0.827451, green: 0.83137256, blue: 0.8352941, alpha: 1.0)
    /// White – #ffffff
    public static let white: UIColor = UIColor(red: 1.0, green: 1.0, blue: 1.0, alpha: 1.0)
}

public enum CornerRadius {
    public static let base: CGFloat = 4
}

public enum Duration {
    public static let one: TimeInterval = 0.075
    public static let two: TimeInterval = 0.15
    public static let three: TimeInterval = 0.2
    public static let four: TimeInterval = 0.25
    public static let five: TimeInterval = 0.3
    public static let six: TimeInterval = 0.35
}

public enum FontWeight {
    case normal
    case bold
}

public enum Font {
    public static let title1Size: CGFloat = 28
    case title1Weight
    public static let title1UIFontTextStyle: UIFont.TextStyle = .headline
    public static let title2Size: CGFloat = 24
    case title2Weight
    public static let title2UIFontTextStyle: UIFont.TextStyle = .subheadline
    public static let title3Size: CGFloat = 22
    case title3Weight
    public static let title3UIFontTextStyle: UIFont.TextStyle = .title1
    public static let title4Size: CGFloat = 20
    case title4Weight
    public static let title4UIFontTextStyle: UIFont.TextStyle = .title2
    public static let title5Size: CGFloat = 18
    case title5Weight
    public static let title5UIFontTextStyle: UIFont.TextStyle = .title3
    public static let title6Size: CGFloat = 16
    case title6Weight
    public static let title6UIFontTextStyle: UIFont.TextStyle = .body
    public static let title7Size: CGFloat = 14
    case title7Weight
    public static let title7UIFontTextStyle: UIFont.TextStyle = .body
    public static let title8Size: CGFloat = 12
    case title8Weight
    public static let title8UIFontTextStyle: UIFont.TextStyle = .body
    public static let text1Size: CGFloat = 16
    case text1Weight
    public static let text1UIFontTextStyle: UIFont.TextStyle = .body
    public static let text2Size: CGFloat = 14
    case text2Weight
    public static let text2UIFontTextStyle: UIFont.TextStyle = .body
    public static let text3Size: CGFloat = 12
    case text3Weight
    public static let text3UIFontTextStyle: UIFont.TextStyle = .body
}

/// Values for transparent light and dark curtains that cover content.
public enum Scrim {
    public static let light80: UIColor = UIColor(red: 1.0, green: 1.0, blue: 1.0, alpha: 0.8)
    public static let dark80: UIColor = UIColor(red: 0.0, green: 0.0, blue: 0.0, alpha: 0.8)
}

public enum Space {
    /// Space 1 – 4.0pt
    public static let one: CGFloat = 4.0
    /// Space 2 – 8.0pt
    public static let two: CGFloat = 8.0
    /// Space 3 – 16.0pt
    public static let three: CGFloat = 16.0
    /// Space 4 – 24.0pt
    public static let four: CGFloat = 24.0
    /// Space 5 – 32.0pt
    public static let five: CGFloat = 32.0
    /// Space 6 – 48.0pt
    public static let six: CGFloat = 48.0
}
"
`;
